# G0 dependency/import directed verification

Date: 2026-09-01

- PASS `GOTOOLCHAIN=go1.26.7 GOWORK=off CGO_ENABLED=0 go mod verify`
  - `all modules verified`
- PASS `GOTOOLCHAIN=go1.26.7 GOWORK=off CGO_ENABLED=0 go list -m all`
  - `charm.land/bubbles/v2 v2.2.1`
  - `charm.land/bubbletea/v2 v2.0.9`
  - `charm.land/huh/v2 v2.0.3`
  - `charm.land/lipgloss/v2 v2.0.6`
  - `charm.land/log/v2 v2.0.0`
  - no v1 Bubble Tea, Bubbles, Huh, Lip Gloss, or Log product module was
    returned by the approved-module scan.
- PASS `GOTOOLCHAIN=go1.26.7 GOWORK=off CGO_ENABLED=0 go test -count=1 ./internal/architecture`
  - validates the exact five-module graph and rejects direct Charm/Log imports
    from `pkg/cmd/**`.
- PASS `GOTOOLCHAIN=go1.26.7 GOWORK=off CGO_ENABLED=0 go test -count=1 ./internal/terminal`
- PASS `GOTOOLCHAIN=go1.26.7 GOWORK=off CGO_ENABLED=0 go test -count=2 -run '^TestRichRuntimeLongListsStayVisibleAcrossNavigationAndResize$' ./internal/terminal`
  - Bubble Tea v2 emits a differential terminal update (`ESC[2;8Hmany`) after
    the prior `Choose one` frame. The PTY assertion now verifies that rendered
    state rather than requiring an impossible contiguous `Choose many` byte
    sequence.
